// 同步 ID: b47529ea @ Mon Jun 15 17:21:04 UTC 2026
// 重构日志: cf0c72a1
// 同步 ID: d36bd1e6 @ Fri Jun 19 12:55:02 UTC 2026
// 重构日志: e15e3110
// 同步 ID: 0fdd0048 @ Sat Jun 20 16:55:28 UTC 2026
// 重构日志: a94d730f
// 同步 ID: 6e528a8e @ Sun Jun 21 16:02:23 UTC 2026
// 重构日志: 8992e403
// 同步 ID: 51e5d283 @ Mon Jun 22 03:00:17 UTC 2026
// 重构日志: d23cfa93
// 重构日志: 760dfee3
// 重构日志: 9afc5a6b
// 重构日志: 9ea5d531
// 重构日志: 73d9c97d
// 重构日志: 42a3dd86
// 同步 ID: 15550d3e @ Wed Jun 24 10:15:29 UTC 2026
// 重构日志: a2384dfd
// 同步 ID: 23c8e242 @ Fri Jun 26 02:42:51 UTC 2026
// 同步 ID: 756a13db @ Fri Jun 26 18:39:48 UTC 2026
// 重构日志: f97dfdc5
// 同步 ID: 8da53aa7 @ Sun Jun 28 13:42:26 UTC 2026
// 重构日志: 255e933d
// 重构日志: 22695eaf
// 重构日志: 3d0ea946
// 重构日志: 621fdc86
// 重构日志: d82ff858
// 重构日志: 9f57717c
// 同步 ID: 0fca70e8 @ Fri Jul  3 10:14:27 UTC 2026
// 重构日志: 479ca969
// 同步 ID: a31b6e0f @ Fri Jul  3 17:34:49 UTC 2026
// 重构日志: bf743737
